// Bun Snapshot v1, https://goo.gl/fbAQLP

exports[`Valid Call calculateDailyTransits with valid parameters 1`] = `
[
  {
    "aspect": {
      "id": 9,
      "name": "Quintile",
    },
    "planet1": {
      "fromChart": "natal",
      "id": 0,
      "name": "Sun",
    },
    "planet2": {
      "fromChart": "comparison",
      "id": 0,
      "name": "Sun",
    },
    "typeOfAspect": "transit-to-natal",
  },
  {
    "aspect": {
      "id": 5,
      "name": "Trine",
    },
    "planet1": {
      "fromChart": "natal",
      "id": 0,
      "name": "Sun",
    },
    "planet2": {
      "fromChart": "comparison",
      "id": 1,
      "name": "Moon",
    },
    "typeOfAspect": "transit-to-natal",
  },
  {
    "aspect": {
      "id": 2,
      "name": "Square",
    },
    "planet1": {
      "fromChart": "natal",
      "id": 0,
      "name": "Sun",
    },
    "planet2": {
      "fromChart": "comparison",
      "id": 2,
      "name": "Mercury",
    },
    "typeOfAspect": "transit-to-natal",
  },
  {
    "aspect": {
      "id": 2,
      "name": "Square",
    },
    "planet1": {
      "fromChart": "natal",
      "id": 0,
      "name": "Sun",
    },
    "planet2": {
      "fromChart": "comparison",
      "id": 3,
      "name": "Venus",
    },
    "typeOfAspect": "transit-to-natal",
  },
  {
    "aspect": {
      "id": 1,
      "name": "Opposition",
    },
    "planet1": {
      "fromChart": "natal",
      "id": 0,
      "name": "Sun",
    },
    "planet2": {
      "fromChart": "comparison",
      "id": 4,
      "name": "Mars",
    },
    "typeOfAspect": "transit-to-natal",
  },
  {
    "aspect": {
      "id": 9,
      "name": "Quintile",
    },
    "planet1": {
      "fromChart": "natal",
      "id": 0,
      "name": "Sun",
    },
    "planet2": {
      "fromChart": "comparison",
      "id": 6,
      "name": "Saturn",
    },
    "typeOfAspect": "transit-to-natal",
  },
  {
    "aspect": {
      "id": 4,
      "name": "Sesquiquadrate",
    },
    "planet1": {
      "fromChart": "natal",
      "id": 0,
      "name": "Sun",
    },
    "planet2": {
      "fromChart": "comparison",
      "id": 7,
      "name": "Uranus",
    },
    "typeOfAspect": "transit-to-natal",
  },
  {
    "aspect": {
      "id": 9,
      "name": "Quintile",
    },
    "planet1": {
      "fromChart": "natal",
      "id": 0,
      "name": "Sun",
    },
    "planet2": {
      "fromChart": "comparison",
      "id": 105,
      "name": "Lilith",
    },
    "typeOfAspect": "transit-to-natal",
  },
  {
    "aspect": {
      "id": 4,
      "name": "Sesquiquadrate",
    },
    "planet1": {
      "fromChart": "natal",
      "id": 1,
      "name": "Moon",
    },
    "planet2": {
      "fromChart": "comparison",
      "id": 0,
      "name": "Sun",
    },
    "typeOfAspect": "transit-to-natal",
  },
  {
    "aspect": {
      "id": 6,
      "name": "Sextile",
    },
    "planet1": {
      "fromChart": "natal",
      "id": 1,
      "name": "Moon",
    },
    "planet2": {
      "fromChart": "comparison",
      "id": 1,
      "name": "Moon",
    },
    "typeOfAspect": "transit-to-natal",
  },
  {
    "aspect": {
      "id": 8,
      "name": "Quincunx",
    },
    "planet1": {
      "fromChart": "natal",
      "id": 1,
      "name": "Moon",
    },
    "planet2": {
      "fromChart": "comparison",
      "id": 2,
      "name": "Mercury",
    },
    "typeOfAspect": "transit-to-natal",
  },
  {
    "aspect": {
      "id": 8,
      "name": "Quincunx",
    },
    "planet1": {
      "fromChart": "natal",
      "id": 1,
      "name": "Moon",
    },
    "planet2": {
      "fromChart": "comparison",
      "id": 3,
      "name": "Venus",
    },
    "typeOfAspect": "transit-to-natal",
  },
  {
    "aspect": {
      "id": 10,
      "name": "Bi Quintile",
    },
    "planet1": {
      "fromChart": "natal",
      "id": 1,
      "name": "Moon",
    },
    "planet2": {
      "fromChart": "comparison",
      "id": 5,
      "name": "Jupiter",
    },
    "typeOfAspect": "transit-to-natal",
  },
  {
    "aspect": {
      "id": 4,
      "name": "Sesquiquadrate",
    },
    "planet1": {
      "fromChart": "natal",
      "id": 1,
      "name": "Moon",
    },
    "planet2": {
      "fromChart": "comparison",
      "id": 6,
      "name": "Saturn",
    },
    "typeOfAspect": "transit-to-natal",
  },
  {
    "aspect": {
      "id": 10,
      "name": "Bi Quintile",
    },
    "planet1": {
      "fromChart": "natal",
      "id": 1,
      "name": "Moon",
    },
    "planet2": {
      "fromChart": "comparison",
      "id": 8,
      "name": "Neptune",
    },
    "typeOfAspect": "transit-to-natal",
  },
  {
    "aspect": {
      "id": 2,
      "name": "Square",
    },
    "planet1": {
      "fromChart": "natal",
      "id": 1,
      "name": "Moon",
    },
    "planet2": {
      "fromChart": "comparison",
      "id": 9,
      "name": "Pluto",
    },
    "typeOfAspect": "transit-to-natal",
  },
  {
    "aspect": {
      "id": 0,
      "name": "Conjunction",
    },
    "planet1": {
      "fromChart": "natal",
      "id": 1,
      "name": "Moon",
    },
    "planet2": {
      "fromChart": "comparison",
      "id": 105,
      "name": "Lilith",
    },
    "typeOfAspect": "transit-to-natal",
  },
  {
    "aspect": {
      "id": 5,
      "name": "Trine",
    },
    "planet1": {
      "fromChart": "natal",
      "id": 2,
      "name": "Mercury",
    },
    "planet2": {
      "fromChart": "comparison",
      "id": 1,
      "name": "Moon",
    },
    "typeOfAspect": "transit-to-natal",
  },
  {
    "aspect": {
      "id": 2,
      "name": "Square",
    },
    "planet1": {
      "fromChart": "natal",
      "id": 2,
      "name": "Mercury",
    },
    "planet2": {
      "fromChart": "comparison",
      "id": 3,
      "name": "Venus",
    },
    "typeOfAspect": "transit-to-natal",
  },
  {
    "aspect": {
      "id": 10,
      "name": "Bi Quintile",
    },
    "planet1": {
      "fromChart": "natal",
      "id": 2,
      "name": "Mercury",
    },
    "planet2": {
      "fromChart": "comparison",
      "id": 7,
      "name": "Uranus",
    },
    "typeOfAspect": "transit-to-natal",
  },
  {
    "aspect": {
      "id": 2,
      "name": "Square",
    },
    "planet1": {
      "fromChart": "natal",
      "id": 2,
      "name": "Mercury",
    },
    "planet2": {
      "fromChart": "comparison",
      "id": 8,
      "name": "Neptune",
    },
    "typeOfAspect": "transit-to-natal",
  },
  {
    "aspect": {
      "id": 6,
      "name": "Sextile",
    },
    "planet1": {
      "fromChart": "natal",
      "id": 2,
      "name": "Mercury",
    },
    "planet2": {
      "fromChart": "comparison",
      "id": 105,
      "name": "Lilith",
    },
    "typeOfAspect": "transit-to-natal",
  },
  {
    "aspect": {
      "id": 2,
      "name": "Square",
    },
    "planet1": {
      "fromChart": "natal",
      "id": 2,
      "name": "Mercury",
    },
    "planet2": {
      "fromChart": "comparison",
      "id": 103,
      "name": "True North Node",
    },
    "typeOfAspect": "transit-to-natal",
  },
  {
    "aspect": {
      "id": 2,
      "name": "Square",
    },
    "planet1": {
      "fromChart": "natal",
      "id": 2,
      "name": "Mercury",
    },
    "planet2": {
      "fromChart": "comparison",
      "id": 104,
      "name": "True South Node",
    },
    "typeOfAspect": "transit-to-natal",
  },
  {
    "aspect": {
      "id": 2,
      "name": "Square",
    },
    "planet1": {
      "fromChart": "natal",
      "id": 3,
      "name": "Venus",
    },
    "planet2": {
      "fromChart": "comparison",
      "id": 1,
      "name": "Moon",
    },
    "typeOfAspect": "transit-to-natal",
  },
  {
    "aspect": {
      "id": 5,
      "name": "Trine",
    },
    "planet1": {
      "fromChart": "natal",
      "id": 3,
      "name": "Venus",
    },
    "planet2": {
      "fromChart": "comparison",
      "id": 3,
      "name": "Venus",
    },
    "typeOfAspect": "transit-to-natal",
  },
  {
    "aspect": {
      "id": 4,
      "name": "Sesquiquadrate",
    },
    "planet1": {
      "fromChart": "natal",
      "id": 3,
      "name": "Venus",
    },
    "planet2": {
      "fromChart": "comparison",
      "id": 4,
      "name": "Mars",
    },
    "typeOfAspect": "transit-to-natal",
  },
  {
    "aspect": {
      "id": 1,
      "name": "Opposition",
    },
    "planet1": {
      "fromChart": "natal",
      "id": 3,
      "name": "Venus",
    },
    "planet2": {
      "fromChart": "comparison",
      "id": 7,
      "name": "Uranus",
    },
    "typeOfAspect": "transit-to-natal",
  },
  {
    "aspect": {
      "id": 5,
      "name": "Trine",
    },
    "planet1": {
      "fromChart": "natal",
      "id": 3,
      "name": "Venus",
    },
    "planet2": {
      "fromChart": "comparison",
      "id": 8,
      "name": "Neptune",
    },
    "typeOfAspect": "transit-to-natal",
  },
  {
    "aspect": {
      "id": 6,
      "name": "Sextile",
    },
    "planet1": {
      "fromChart": "natal",
      "id": 3,
      "name": "Venus",
    },
    "planet2": {
      "fromChart": "comparison",
      "id": 9,
      "name": "Pluto",
    },
    "typeOfAspect": "transit-to-natal",
  },
  {
    "aspect": {
      "id": 5,
      "name": "Trine",
    },
    "planet1": {
      "fromChart": "natal",
      "id": 3,
      "name": "Venus",
    },
    "planet2": {
      "fromChart": "comparison",
      "id": 103,
      "name": "True North Node",
    },
    "typeOfAspect": "transit-to-natal",
  },
  {
    "aspect": {
      "id": 5,
      "name": "Trine",
    },
    "planet1": {
      "fromChart": "natal",
      "id": 3,
      "name": "Venus",
    },
    "planet2": {
      "fromChart": "comparison",
      "id": 104,
      "name": "True South Node",
    },
    "typeOfAspect": "transit-to-natal",
  },
  {
    "aspect": {
      "id": 2,
      "name": "Square",
    },
    "planet1": {
      "fromChart": "natal",
      "id": 4,
      "name": "Mars",
    },
    "planet2": {
      "fromChart": "comparison",
      "id": 7,
      "name": "Uranus",
    },
    "typeOfAspect": "transit-to-natal",
  },
  {
    "aspect": {
      "id": 7,
      "name": "Semi Sextile",
    },
    "planet1": {
      "fromChart": "natal",
      "id": 4,
      "name": "Mars",
    },
    "planet2": {
      "fromChart": "comparison",
      "id": 8,
      "name": "Neptune",
    },
    "typeOfAspect": "transit-to-natal",
  },
  {
    "aspect": {
      "id": 5,
      "name": "Trine",
    },
    "planet1": {
      "fromChart": "natal",
      "id": 4,
      "name": "Mars",
    },
    "planet2": {
      "fromChart": "comparison",
      "id": 105,
      "name": "Lilith",
    },
    "typeOfAspect": "transit-to-natal",
  },
  {
    "aspect": {
      "id": 7,
      "name": "Semi Sextile",
    },
    "planet1": {
      "fromChart": "natal",
      "id": 4,
      "name": "Mars",
    },
    "planet2": {
      "fromChart": "comparison",
      "id": 103,
      "name": "True North Node",
    },
    "typeOfAspect": "transit-to-natal",
  },
  {
    "aspect": {
      "id": 7,
      "name": "Semi Sextile",
    },
    "planet1": {
      "fromChart": "natal",
      "id": 4,
      "name": "Mars",
    },
    "planet2": {
      "fromChart": "comparison",
      "id": 104,
      "name": "True South Node",
    },
    "typeOfAspect": "transit-to-natal",
  },
  {
    "aspect": {
      "id": 4,
      "name": "Sesquiquadrate",
    },
    "planet1": {
      "fromChart": "natal",
      "id": 5,
      "name": "Jupiter",
    },
    "planet2": {
      "fromChart": "comparison",
      "id": 1,
      "name": "Moon",
    },
    "typeOfAspect": "transit-to-natal",
  },
  {
    "aspect": {
      "id": 2,
      "name": "Square",
    },
    "planet1": {
      "fromChart": "natal",
      "id": 5,
      "name": "Jupiter",
    },
    "planet2": {
      "fromChart": "comparison",
      "id": 4,
      "name": "Mars",
    },
    "typeOfAspect": "transit-to-natal",
  },
  {
    "aspect": {
      "id": 7,
      "name": "Semi Sextile",
    },
    "planet1": {
      "fromChart": "natal",
      "id": 5,
      "name": "Jupiter",
    },
    "planet2": {
      "fromChart": "comparison",
      "id": 7,
      "name": "Uranus",
    },
    "typeOfAspect": "transit-to-natal",
  },
  {
    "aspect": {
      "id": 2,
      "name": "Square",
    },
    "planet1": {
      "fromChart": "natal",
      "id": 5,
      "name": "Jupiter",
    },
    "planet2": {
      "fromChart": "comparison",
      "id": 9,
      "name": "Pluto",
    },
    "typeOfAspect": "transit-to-natal",
  },
  {
    "aspect": {
      "id": 0,
      "name": "Conjunction",
    },
    "planet1": {
      "fromChart": "natal",
      "id": 5,
      "name": "Jupiter",
    },
    "planet2": {
      "fromChart": "comparison",
      "id": 15,
      "name": "Chiron",
    },
    "typeOfAspect": "transit-to-natal",
  },
  {
    "aspect": {
      "id": 1,
      "name": "Opposition",
    },
    "planet1": {
      "fromChart": "natal",
      "id": 5,
      "name": "Jupiter",
    },
    "planet2": {
      "fromChart": "comparison",
      "id": 105,
      "name": "Lilith",
    },
    "typeOfAspect": "transit-to-natal",
  },
  {
    "aspect": {
      "id": 3,
      "name": "Semi Square",
    },
    "planet1": {
      "fromChart": "natal",
      "id": 6,
      "name": "Saturn",
    },
    "planet2": {
      "fromChart": "comparison",
      "id": 0,
      "name": "Sun",
    },
    "typeOfAspect": "transit-to-natal",
  },
  {
    "aspect": {
      "id": 5,
      "name": "Trine",
    },
    "planet1": {
      "fromChart": "natal",
      "id": 6,
      "name": "Saturn",
    },
    "planet2": {
      "fromChart": "comparison",
      "id": 1,
      "name": "Moon",
    },
    "typeOfAspect": "transit-to-natal",
  },
  {
    "aspect": {
      "id": 7,
      "name": "Semi Sextile",
    },
    "planet1": {
      "fromChart": "natal",
      "id": 6,
      "name": "Saturn",
    },
    "planet2": {
      "fromChart": "comparison",
      "id": 2,
      "name": "Mercury",
    },
    "typeOfAspect": "transit-to-natal",
  },
  {
    "aspect": {
      "id": 2,
      "name": "Square",
    },
    "planet1": {
      "fromChart": "natal",
      "id": 6,
      "name": "Saturn",
    },
    "planet2": {
      "fromChart": "comparison",
      "id": 9,
      "name": "Pluto",
    },
    "typeOfAspect": "transit-to-natal",
  },
  {
    "aspect": {
      "id": 3,
      "name": "Semi Square",
    },
    "planet1": {
      "fromChart": "natal",
      "id": 6,
      "name": "Saturn",
    },
    "planet2": {
      "fromChart": "comparison",
      "id": 103,
      "name": "True North Node",
    },
    "typeOfAspect": "transit-to-natal",
  },
  {
    "aspect": {
      "id": 3,
      "name": "Semi Square",
    },
    "planet1": {
      "fromChart": "natal",
      "id": 6,
      "name": "Saturn",
    },
    "planet2": {
      "fromChart": "comparison",
      "id": 104,
      "name": "True South Node",
    },
    "typeOfAspect": "transit-to-natal",
  },
  {
    "aspect": {
      "id": 6,
      "name": "Sextile",
    },
    "planet1": {
      "fromChart": "natal",
      "id": 7,
      "name": "Uranus",
    },
    "planet2": {
      "fromChart": "comparison",
      "id": 2,
      "name": "Mercury",
    },
    "typeOfAspect": "transit-to-natal",
  },
  {
    "aspect": {
      "id": 5,
      "name": "Trine",
    },
    "planet1": {
      "fromChart": "natal",
      "id": 7,
      "name": "Uranus",
    },
    "planet2": {
      "fromChart": "comparison",
      "id": 5,
      "name": "Jupiter",
    },
    "typeOfAspect": "transit-to-natal",
  },
  {
    "aspect": {
      "id": 3,
      "name": "Semi Square",
    },
    "planet1": {
      "fromChart": "natal",
      "id": 7,
      "name": "Uranus",
    },
    "planet2": {
      "fromChart": "comparison",
      "id": 8,
      "name": "Neptune",
    },
    "typeOfAspect": "transit-to-natal",
  },
  {
    "aspect": {
      "id": 3,
      "name": "Semi Square",
    },
    "planet1": {
      "fromChart": "natal",
      "id": 7,
      "name": "Uranus",
    },
    "planet2": {
      "fromChart": "comparison",
      "id": 103,
      "name": "True North Node",
    },
    "typeOfAspect": "transit-to-natal",
  },
  {
    "aspect": {
      "id": 3,
      "name": "Semi Square",
    },
    "planet1": {
      "fromChart": "natal",
      "id": 7,
      "name": "Uranus",
    },
    "planet2": {
      "fromChart": "comparison",
      "id": 104,
      "name": "True South Node",
    },
    "typeOfAspect": "transit-to-natal",
  },
  {
    "aspect": {
      "id": 10,
      "name": "Bi Quintile",
    },
    "planet1": {
      "fromChart": "natal",
      "id": 8,
      "name": "Neptune",
    },
    "planet2": {
      "fromChart": "comparison",
      "id": 1,
      "name": "Moon",
    },
    "typeOfAspect": "transit-to-natal",
  },
  {
    "aspect": {
      "id": 6,
      "name": "Sextile",
    },
    "planet1": {
      "fromChart": "natal",
      "id": 8,
      "name": "Neptune",
    },
    "planet2": {
      "fromChart": "comparison",
      "id": 3,
      "name": "Venus",
    },
    "typeOfAspect": "transit-to-natal",
  },
  {
    "aspect": {
      "id": 6,
      "name": "Sextile",
    },
    "planet1": {
      "fromChart": "natal",
      "id": 8,
      "name": "Neptune",
    },
    "planet2": {
      "fromChart": "comparison",
      "id": 8,
      "name": "Neptune",
    },
    "typeOfAspect": "transit-to-natal",
  },
  {
    "aspect": {
      "id": 0,
      "name": "Conjunction",
    },
    "planet1": {
      "fromChart": "natal",
      "id": 8,
      "name": "Neptune",
    },
    "planet2": {
      "fromChart": "comparison",
      "id": 9,
      "name": "Pluto",
    },
    "typeOfAspect": "transit-to-natal",
  },
  {
    "aspect": {
      "id": 2,
      "name": "Square",
    },
    "planet1": {
      "fromChart": "natal",
      "id": 8,
      "name": "Neptune",
    },
    "planet2": {
      "fromChart": "comparison",
      "id": 105,
      "name": "Lilith",
    },
    "typeOfAspect": "transit-to-natal",
  },
  {
    "aspect": {
      "id": 6,
      "name": "Sextile",
    },
    "planet1": {
      "fromChart": "natal",
      "id": 8,
      "name": "Neptune",
    },
    "planet2": {
      "fromChart": "comparison",
      "id": 103,
      "name": "True North Node",
    },
    "typeOfAspect": "transit-to-natal",
  },
  {
    "aspect": {
      "id": 6,
      "name": "Sextile",
    },
    "planet1": {
      "fromChart": "natal",
      "id": 8,
      "name": "Neptune",
    },
    "planet2": {
      "fromChart": "comparison",
      "id": 104,
      "name": "True South Node",
    },
    "typeOfAspect": "transit-to-natal",
  },
  {
    "aspect": {
      "id": 2,
      "name": "Square",
    },
    "planet1": {
      "fromChart": "natal",
      "id": 9,
      "name": "Pluto",
    },
    "planet2": {
      "fromChart": "comparison",
      "id": 1,
      "name": "Moon",
    },
    "typeOfAspect": "transit-to-natal",
  },
  {
    "aspect": {
      "id": 5,
      "name": "Trine",
    },
    "planet1": {
      "fromChart": "natal",
      "id": 9,
      "name": "Pluto",
    },
    "planet2": {
      "fromChart": "comparison",
      "id": 2,
      "name": "Mercury",
    },
    "typeOfAspect": "transit-to-natal",
  },
  {
    "aspect": {
      "id": 5,
      "name": "Trine",
    },
    "planet1": {
      "fromChart": "natal",
      "id": 9,
      "name": "Pluto",
    },
    "planet2": {
      "fromChart": "comparison",
      "id": 3,
      "name": "Venus",
    },
    "typeOfAspect": "transit-to-natal",
  },
  {
    "aspect": {
      "id": 10,
      "name": "Bi Quintile",
    },
    "planet1": {
      "fromChart": "natal",
      "id": 9,
      "name": "Pluto",
    },
    "planet2": {
      "fromChart": "comparison",
      "id": 4,
      "name": "Mars",
    },
    "typeOfAspect": "transit-to-natal",
  },
  {
    "aspect": {
      "id": 1,
      "name": "Opposition",
    },
    "planet1": {
      "fromChart": "natal",
      "id": 9,
      "name": "Pluto",
    },
    "planet2": {
      "fromChart": "comparison",
      "id": 5,
      "name": "Jupiter",
    },
    "typeOfAspect": "transit-to-natal",
  },
  {
    "aspect": {
      "id": 3,
      "name": "Semi Square",
    },
    "planet1": {
      "fromChart": "natal",
      "id": 9,
      "name": "Pluto",
    },
    "planet2": {
      "fromChart": "comparison",
      "id": 105,
      "name": "Lilith",
    },
    "typeOfAspect": "transit-to-natal",
  },
  {
    "aspect": {
      "id": 2,
      "name": "Square",
    },
    "planet1": {
      "fromChart": "natal",
      "id": 15,
      "name": "Chiron",
    },
    "planet2": {
      "fromChart": "comparison",
      "id": 1,
      "name": "Moon",
    },
    "typeOfAspect": "transit-to-natal",
  },
  {
    "aspect": {
      "id": 5,
      "name": "Trine",
    },
    "planet1": {
      "fromChart": "natal",
      "id": 15,
      "name": "Chiron",
    },
    "planet2": {
      "fromChart": "comparison",
      "id": 2,
      "name": "Mercury",
    },
    "typeOfAspect": "transit-to-natal",
  },
  {
    "aspect": {
      "id": 5,
      "name": "Trine",
    },
    "planet1": {
      "fromChart": "natal",
      "id": 15,
      "name": "Chiron",
    },
    "planet2": {
      "fromChart": "comparison",
      "id": 3,
      "name": "Venus",
    },
    "typeOfAspect": "transit-to-natal",
  },
  {
    "aspect": {
      "id": 10,
      "name": "Bi Quintile",
    },
    "planet1": {
      "fromChart": "natal",
      "id": 15,
      "name": "Chiron",
    },
    "planet2": {
      "fromChart": "comparison",
      "id": 4,
      "name": "Mars",
    },
    "typeOfAspect": "transit-to-natal",
  },
  {
    "aspect": {
      "id": 1,
      "name": "Opposition",
    },
    "planet1": {
      "fromChart": "natal",
      "id": 15,
      "name": "Chiron",
    },
    "planet2": {
      "fromChart": "comparison",
      "id": 5,
      "name": "Jupiter",
    },
    "typeOfAspect": "transit-to-natal",
  },
  {
    "aspect": {
      "id": 3,
      "name": "Semi Square",
    },
    "planet1": {
      "fromChart": "natal",
      "id": 15,
      "name": "Chiron",
    },
    "planet2": {
      "fromChart": "comparison",
      "id": 105,
      "name": "Lilith",
    },
    "typeOfAspect": "transit-to-natal",
  },
  {
    "aspect": {
      "id": 2,
      "name": "Square",
    },
    "planet1": {
      "fromChart": "natal",
      "id": 105,
      "name": "Lilith",
    },
    "planet2": {
      "fromChart": "comparison",
      "id": 0,
      "name": "Sun",
    },
    "typeOfAspect": "transit-to-natal",
  },
  {
    "aspect": {
      "id": 1,
      "name": "Opposition",
    },
    "planet1": {
      "fromChart": "natal",
      "id": 105,
      "name": "Lilith",
    },
    "planet2": {
      "fromChart": "comparison",
      "id": 5,
      "name": "Jupiter",
    },
    "typeOfAspect": "transit-to-natal",
  },
  {
    "aspect": {
      "id": 2,
      "name": "Square",
    },
    "planet1": {
      "fromChart": "natal",
      "id": 105,
      "name": "Lilith",
    },
    "planet2": {
      "fromChart": "comparison",
      "id": 6,
      "name": "Saturn",
    },
    "typeOfAspect": "transit-to-natal",
  },
  {
    "aspect": {
      "id": 8,
      "name": "Quincunx",
    },
    "planet1": {
      "fromChart": "natal",
      "id": 105,
      "name": "Lilith",
    },
    "planet2": {
      "fromChart": "comparison",
      "id": 7,
      "name": "Uranus",
    },
    "typeOfAspect": "transit-to-natal",
  },
  {
    "aspect": {
      "id": 2,
      "name": "Square",
    },
    "planet1": {
      "fromChart": "natal",
      "id": 105,
      "name": "Lilith",
    },
    "planet2": {
      "fromChart": "comparison",
      "id": 8,
      "name": "Neptune",
    },
    "typeOfAspect": "transit-to-natal",
  },
  {
    "aspect": {
      "id": 5,
      "name": "Trine",
    },
    "planet1": {
      "fromChart": "natal",
      "id": 105,
      "name": "Lilith",
    },
    "planet2": {
      "fromChart": "comparison",
      "id": 15,
      "name": "Chiron",
    },
    "typeOfAspect": "transit-to-natal",
  },
  {
    "aspect": {
      "id": 6,
      "name": "Sextile",
    },
    "planet1": {
      "fromChart": "natal",
      "id": 105,
      "name": "Lilith",
    },
    "planet2": {
      "fromChart": "comparison",
      "id": 105,
      "name": "Lilith",
    },
    "typeOfAspect": "transit-to-natal",
  },
  {
    "aspect": {
      "id": 2,
      "name": "Square",
    },
    "planet1": {
      "fromChart": "natal",
      "id": 105,
      "name": "Lilith",
    },
    "planet2": {
      "fromChart": "comparison",
      "id": 103,
      "name": "True North Node",
    },
    "typeOfAspect": "transit-to-natal",
  },
  {
    "aspect": {
      "id": 2,
      "name": "Square",
    },
    "planet1": {
      "fromChart": "natal",
      "id": 105,
      "name": "Lilith",
    },
    "planet2": {
      "fromChart": "comparison",
      "id": 104,
      "name": "True South Node",
    },
    "typeOfAspect": "transit-to-natal",
  },
  {
    "aspect": {
      "id": 5,
      "name": "Trine",
    },
    "planet1": {
      "fromChart": "natal",
      "id": 103,
      "name": "True North Node",
    },
    "planet2": {
      "fromChart": "comparison",
      "id": 2,
      "name": "Mercury",
    },
    "typeOfAspect": "transit-to-natal",
  },
  {
    "aspect": {
      "id": 5,
      "name": "Trine",
    },
    "planet1": {
      "fromChart": "natal",
      "id": 103,
      "name": "True North Node",
    },
    "planet2": {
      "fromChart": "comparison",
      "id": 3,
      "name": "Venus",
    },
    "typeOfAspect": "transit-to-natal",
  },
  {
    "aspect": {
      "id": 5,
      "name": "Trine",
    },
    "planet1": {
      "fromChart": "natal",
      "id": 103,
      "name": "True North Node",
    },
    "planet2": {
      "fromChart": "comparison",
      "id": 8,
      "name": "Neptune",
    },
    "typeOfAspect": "transit-to-natal",
  },
  {
    "aspect": {
      "id": 1,
      "name": "Opposition",
    },
    "planet1": {
      "fromChart": "natal",
      "id": 103,
      "name": "True North Node",
    },
    "planet2": {
      "fromChart": "comparison",
      "id": 9,
      "name": "Pluto",
    },
    "typeOfAspect": "transit-to-natal",
  },
  {
    "aspect": {
      "id": 2,
      "name": "Square",
    },
    "planet1": {
      "fromChart": "natal",
      "id": 103,
      "name": "True North Node",
    },
    "planet2": {
      "fromChart": "comparison",
      "id": 105,
      "name": "Lilith",
    },
    "typeOfAspect": "transit-to-natal",
  },
  {
    "aspect": {
      "id": 5,
      "name": "Trine",
    },
    "planet1": {
      "fromChart": "natal",
      "id": 103,
      "name": "True North Node",
    },
    "planet2": {
      "fromChart": "comparison",
      "id": 103,
      "name": "True North Node",
    },
    "typeOfAspect": "transit-to-natal",
  },
  {
    "aspect": {
      "id": 5,
      "name": "Trine",
    },
    "planet1": {
      "fromChart": "natal",
      "id": 103,
      "name": "True North Node",
    },
    "planet2": {
      "fromChart": "comparison",
      "id": 104,
      "name": "True South Node",
    },
    "typeOfAspect": "transit-to-natal",
  },
  {
    "aspect": {
      "id": 5,
      "name": "Trine",
    },
    "planet1": {
      "fromChart": "natal",
      "id": 104,
      "name": "True South Node",
    },
    "planet2": {
      "fromChart": "comparison",
      "id": 2,
      "name": "Mercury",
    },
    "typeOfAspect": "transit-to-natal",
  },
  {
    "aspect": {
      "id": 5,
      "name": "Trine",
    },
    "planet1": {
      "fromChart": "natal",
      "id": 104,
      "name": "True South Node",
    },
    "planet2": {
      "fromChart": "comparison",
      "id": 3,
      "name": "Venus",
    },
    "typeOfAspect": "transit-to-natal",
  },
  {
    "aspect": {
      "id": 5,
      "name": "Trine",
    },
    "planet1": {
      "fromChart": "natal",
      "id": 104,
      "name": "True South Node",
    },
    "planet2": {
      "fromChart": "comparison",
      "id": 8,
      "name": "Neptune",
    },
    "typeOfAspect": "transit-to-natal",
  },
  {
    "aspect": {
      "id": 1,
      "name": "Opposition",
    },
    "planet1": {
      "fromChart": "natal",
      "id": 104,
      "name": "True South Node",
    },
    "planet2": {
      "fromChart": "comparison",
      "id": 9,
      "name": "Pluto",
    },
    "typeOfAspect": "transit-to-natal",
  },
  {
    "aspect": {
      "id": 2,
      "name": "Square",
    },
    "planet1": {
      "fromChart": "natal",
      "id": 104,
      "name": "True South Node",
    },
    "planet2": {
      "fromChart": "comparison",
      "id": 105,
      "name": "Lilith",
    },
    "typeOfAspect": "transit-to-natal",
  },
  {
    "aspect": {
      "id": 5,
      "name": "Trine",
    },
    "planet1": {
      "fromChart": "natal",
      "id": 104,
      "name": "True South Node",
    },
    "planet2": {
      "fromChart": "comparison",
      "id": 103,
      "name": "True North Node",
    },
    "typeOfAspect": "transit-to-natal",
  },
  {
    "aspect": {
      "id": 5,
      "name": "Trine",
    },
    "planet1": {
      "fromChart": "natal",
      "id": 104,
      "name": "True South Node",
    },
    "planet2": {
      "fromChart": "comparison",
      "id": 104,
      "name": "True South Node",
    },
    "typeOfAspect": "transit-to-natal",
  },
  {
    "aspect": {
      "id": 7,
      "name": "Semi Sextile",
    },
    "planet1": {
      "fromChart": "natal",
      "id": 100,
      "name": "Ascendant",
    },
    "planet2": {
      "fromChart": "comparison",
      "id": 1,
      "name": "Moon",
    },
    "typeOfAspect": "transit-to-natal",
  },
  {
    "aspect": {
      "id": 1,
      "name": "Opposition",
    },
    "planet1": {
      "fromChart": "natal",
      "id": 100,
      "name": "Ascendant",
    },
    "planet2": {
      "fromChart": "comparison",
      "id": 2,
      "name": "Mercury",
    },
    "typeOfAspect": "transit-to-natal",
  },
  {
    "aspect": {
      "id": 1,
      "name": "Opposition",
    },
    "planet1": {
      "fromChart": "natal",
      "id": 100,
      "name": "Ascendant",
    },
    "planet2": {
      "fromChart": "comparison",
      "id": 3,
      "name": "Venus",
    },
    "typeOfAspect": "transit-to-natal",
  },
  {
    "aspect": {
      "id": 5,
      "name": "Trine",
    },
    "planet1": {
      "fromChart": "natal",
      "id": 100,
      "name": "Ascendant",
    },
    "planet2": {
      "fromChart": "comparison",
      "id": 5,
      "name": "Jupiter",
    },
    "typeOfAspect": "transit-to-natal",
  },
  {
    "aspect": {
      "id": 4,
      "name": "Sesquiquadrate",
    },
    "planet1": {
      "fromChart": "natal",
      "id": 100,
      "name": "Ascendant",
    },
    "planet2": {
      "fromChart": "comparison",
      "id": 7,
      "name": "Uranus",
    },
    "typeOfAspect": "transit-to-natal",
  },
  {
    "aspect": {
      "id": 5,
      "name": "Trine",
    },
    "planet1": {
      "fromChart": "natal",
      "id": 100,
      "name": "Ascendant",
    },
    "planet2": {
      "fromChart": "comparison",
      "id": 9,
      "name": "Pluto",
    },
    "typeOfAspect": "transit-to-natal",
  },
  {
    "aspect": {
      "id": 6,
      "name": "Sextile",
    },
    "planet1": {
      "fromChart": "natal",
      "id": 109,
      "name": "MidHeaven",
    },
    "planet2": {
      "fromChart": "comparison",
      "id": 1,
      "name": "Moon",
    },
    "typeOfAspect": "transit-to-natal",
  },
  {
    "aspect": {
      "id": 2,
      "name": "Square",
    },
    "planet1": {
      "fromChart": "natal",
      "id": 109,
      "name": "MidHeaven",
    },
    "planet2": {
      "fromChart": "comparison",
      "id": 2,
      "name": "Mercury",
    },
    "typeOfAspect": "transit-to-natal",
  },
  {
    "aspect": {
      "id": 2,
      "name": "Square",
    },
    "planet1": {
      "fromChart": "natal",
      "id": 109,
      "name": "MidHeaven",
    },
    "planet2": {
      "fromChart": "comparison",
      "id": 3,
      "name": "Venus",
    },
    "typeOfAspect": "transit-to-natal",
  },
  {
    "aspect": {
      "id": 0,
      "name": "Conjunction",
    },
    "planet1": {
      "fromChart": "natal",
      "id": 109,
      "name": "MidHeaven",
    },
    "planet2": {
      "fromChart": "comparison",
      "id": 4,
      "name": "Mars",
    },
    "typeOfAspect": "transit-to-natal",
  },
  {
    "aspect": {
      "id": 7,
      "name": "Semi Sextile",
    },
    "planet1": {
      "fromChart": "natal",
      "id": 109,
      "name": "MidHeaven",
    },
    "planet2": {
      "fromChart": "comparison",
      "id": 5,
      "name": "Jupiter",
    },
    "typeOfAspect": "transit-to-natal",
  },
  {
    "aspect": {
      "id": 8,
      "name": "Quincunx",
    },
    "planet1": {
      "fromChart": "natal",
      "id": 108,
      "name": "Descendant",
    },
    "planet2": {
      "fromChart": "comparison",
      "id": 1,
      "name": "Moon",
    },
    "typeOfAspect": "transit-to-natal",
  },
  {
    "aspect": {
      "id": 0,
      "name": "Conjunction",
    },
    "planet1": {
      "fromChart": "natal",
      "id": 108,
      "name": "Descendant",
    },
    "planet2": {
      "fromChart": "comparison",
      "id": 2,
      "name": "Mercury",
    },
    "typeOfAspect": "transit-to-natal",
  },
  {
    "aspect": {
      "id": 0,
      "name": "Conjunction",
    },
    "planet1": {
      "fromChart": "natal",
      "id": 108,
      "name": "Descendant",
    },
    "planet2": {
      "fromChart": "comparison",
      "id": 3,
      "name": "Venus",
    },
    "typeOfAspect": "transit-to-natal",
  },
  {
    "aspect": {
      "id": 6,
      "name": "Sextile",
    },
    "planet1": {
      "fromChart": "natal",
      "id": 108,
      "name": "Descendant",
    },
    "planet2": {
      "fromChart": "comparison",
      "id": 5,
      "name": "Jupiter",
    },
    "typeOfAspect": "transit-to-natal",
  },
  {
    "aspect": {
      "id": 3,
      "name": "Semi Square",
    },
    "planet1": {
      "fromChart": "natal",
      "id": 108,
      "name": "Descendant",
    },
    "planet2": {
      "fromChart": "comparison",
      "id": 7,
      "name": "Uranus",
    },
    "typeOfAspect": "transit-to-natal",
  },
  {
    "aspect": {
      "id": 9,
      "name": "Quintile",
    },
    "planet1": {
      "fromChart": "natal",
      "id": 107,
      "name": "Nadir",
    },
    "planet2": {
      "fromChart": "comparison",
      "id": 0,
      "name": "Sun",
    },
    "typeOfAspect": "transit-to-natal",
  },
  {
    "aspect": {
      "id": 5,
      "name": "Trine",
    },
    "planet1": {
      "fromChart": "natal",
      "id": 107,
      "name": "Nadir",
    },
    "planet2": {
      "fromChart": "comparison",
      "id": 1,
      "name": "Moon",
    },
    "typeOfAspect": "transit-to-natal",
  },
  {
    "aspect": {
      "id": 2,
      "name": "Square",
    },
    "planet1": {
      "fromChart": "natal",
      "id": 107,
      "name": "Nadir",
    },
    "planet2": {
      "fromChart": "comparison",
      "id": 2,
      "name": "Mercury",
    },
    "typeOfAspect": "transit-to-natal",
  },
  {
    "aspect": {
      "id": 2,
      "name": "Square",
    },
    "planet1": {
      "fromChart": "natal",
      "id": 107,
      "name": "Nadir",
    },
    "planet2": {
      "fromChart": "comparison",
      "id": 3,
      "name": "Venus",
    },
    "typeOfAspect": "transit-to-natal",
  },
  {
    "aspect": {
      "id": 1,
      "name": "Opposition",
    },
    "planet1": {
      "fromChart": "natal",
      "id": 107,
      "name": "Nadir",
    },
    "planet2": {
      "fromChart": "comparison",
      "id": 4,
      "name": "Mars",
    },
    "typeOfAspect": "transit-to-natal",
  },
  {
    "aspect": {
      "id": 8,
      "name": "Quincunx",
    },
    "planet1": {
      "fromChart": "natal",
      "id": 107,
      "name": "Nadir",
    },
    "planet2": {
      "fromChart": "comparison",
      "id": 5,
      "name": "Jupiter",
    },
    "typeOfAspect": "transit-to-natal",
  },
  {
    "aspect": {
      "id": 9,
      "name": "Quintile",
    },
    "planet1": {
      "fromChart": "natal",
      "id": 107,
      "name": "Nadir",
    },
    "planet2": {
      "fromChart": "comparison",
      "id": 105,
      "name": "Lilith",
    },
    "typeOfAspect": "transit-to-natal",
  },
]
`;

exports[`Valid Call calculateDailyTransits with valid parameters 2`] = `
{
  "ingresses": [
    {
      "enteredSign": "Virgo",
      "planet": "Moon",
    },
  ],
  "retrogradePlanets": [
    "Venus",
    "True North Node",
    "True South Node",
  ],
}
`;

exports[`Invalid Call calculateDailyTransits with missing parameters 1`] = `
{
  "error": {
    "issues": [
      {
        "code": "invalid_type",
        "expected": "number",
        "message": "Expected number, received nan",
        "path": [
          "transitLatitude",
        ],
        "received": "nan",
      },
      {
        "code": "invalid_type",
        "expected": "number",
        "message": "Expected number, received nan",
        "path": [
          "transitLongitude",
        ],
        "received": "nan",
      },
    ],
    "name": "ZodError",
  },
  "success": false,
}
`;

exports[`Invalid Call calculateDailyTransits with invalid parameters 1`] = `
{
  "error": {
    "issues": [
      {
        "code": "too_big",
        "exact": false,
        "inclusive": true,
        "maximum": 2100,
        "message": "Number must be less than or equal to 2100",
        "path": [
          "birthYear",
        ],
        "type": "number",
      },
      {
        "code": "too_big",
        "exact": false,
        "inclusive": true,
        "maximum": 12,
        "message": "Number must be less than or equal to 12",
        "path": [
          "birthMonth",
        ],
        "type": "number",
      },
      {
        "code": "too_small",
        "exact": false,
        "inclusive": true,
        "message": "Number must be greater than or equal to 1",
        "minimum": 1,
        "path": [
          "birthDay",
        ],
        "type": "number",
      },
    ],
    "name": "ZodError",
  },
  "success": false,
}
`;
